// Jest Snapshot v1, https://goo.gl/fbAQLP

exports[`pruebas a <HomeScreen /> should show componen corectly 1`] = `
<div>
  <h1>
    Home
  </h1>
  <hr />
  <pre>
    {
 "name": "jorge",
 "email": "asd@asd.com"
}
  </pre>
</div>
`;
