// Jest Snapshot v1, https://goo.gl/fbAQLP

exports[`pruebas <LoginScreen should show component 1`] = `
<div>
  <h1>
    Login
  </h1>
  <hr />
  <button
    className="btn btn-outline-primary"
    onClick={[Function]}
  >
    Cambio User
  </button>
</div>
`;
