// Jest Snapshot v1, https://goo.gl/fbAQLP

exports[`Pruebas en <TodoApp /> debe de mostrarse correctamente 1`] = `
<div>
  <h1>
    To Do App 
    <small>
      0
    </small>
  </h1>
  <hr />
  <div
    className="row"
  >
    <div
      className="col-7"
    >
      <TodoList
        handleDelete={[Function]}
        todos={Array []}
        toggle={[Function]}
      />
    </div>
    <div
      className="col-5"
    >
      <AddTodo
        handleAddTodo={[Function]}
      />
    </div>
  </div>
</div>
`;
