// Jest Snapshot v1, https://goo.gl/fbAQLP

exports[`pruebas a <TodoReducer /> should snapshot  1`] = `
<li
  className="list-group-item"
  key="1"
>
  <p
    className=""
    onClick={[Function]}
  >
    1
    . 
    Aprender React
  </p>
  <button
    className="btn btn-danger"
    onClick={[Function]}
  >
    Eliminar
  </button>
</li>
`;
