// Jest Snapshot v1, https://goo.gl/fbAQLP

exports[`Pruebas en <HookAppp /> dse debe mostrar correctamente 1`] = `
<div>
  <h1>
    Hola mundo
  </h1>
</div>
`;
